AMD64 Compiler usage guidelines.pdf
AMD64_Combined_Volumes_1-5.pdf
AMD64_Volume_1_Application_Programming.pdf
AMD64_Volume_2_System_Programming.pdf
AMD64_Volume_3_General_Purpose_and_System_Instructions.pdf
AMD64_Volume_4_128-bit_and_256-bit_Media_Instructions.pdf
AMD64_Volume_5_64-Bit_Media_and_x87_Floating-Point_Instructions.pdf
files.lst
IA-32_Manual_Vol_2-Instruction_Set_Reference.pdf
IA-32_Manual_Vol_3-System_Programming_Guide.pdf
Intel_64_and_IA-32_combined-manual.pdf
Intel_64_and_IA-32_Vol_1_Basic_Architecture.pdf
Intel_64_and_IA-32_Vol_2A_Instruction_Set_A-L.pdf
Intel_64_and_IA-32_Vol_2B_Instruction_Set_M-U.pdf
Intel_64_and_IA-32_Vol_2C_Instruction_Set_V-Z.pdf
Intel_64_and_IA-32_Vol_2D_Instruction_Set_Reference.pdf
Intel_64_and_IA-32_Vol_2__Instruction_Set_A-Z.pdf
Intel_64_and_IA-32_Vol_3A_SysProg_Part_1.pdf
Intel_64_and_IA-32_Vol_3B_SysProg_Part_2.pdf
Intel_64_and_IA-32_Vol_3C_SysProg_Part_3.pdf
Intel_64_and_IA-32_Vol_3D_SysProg_Part_4.pdf
Intel_64_and_IA-32_Vol_3_System_Programming_Guide.pdf
Intel_64_and_IA-32_Vol_4_Model-Specific_Registers.pdf
Oracle_IA-32_Assembly_Language_Manual.pdf
Oracle_x86_Assembly_Language_Manual-817-5477.pdf
README.md
